
> vite_react_shadcn_ts@0.0.0 build
> vite build

[36mvite v5.4.21 [32mbuilding for production...[36m[39m
transforming...
[32m✓[39m 2250 modules transformed.
[31mx[39m Build failed in 6.30s
[31merror during build:
[31msrc/App.tsx (8:7): "default" is not exported by "src/pages/Services.tsx", imported by "src/App.tsx".[31m
file: [36mC:/Users/samir/OneDrive/Desktop/Project/Soniya/src/App.tsx:8:7[31m
[33m
 6: import Index from "./pages/Index";
 7: import About from "./pages/About";
 8: import Services from "./pages/Services";
           ^
 9: import Packages from "./pages/Packages";
10: import Portfolio from "./pages/Portfolio";
[31m
    at getRollupError (file:///C:/Users/samir/OneDrive/Desktop/Project/Soniya/node_modules/rollup/dist/es/shared/parseAst.js:406:41)
    at error (file:///C:/Users/samir/OneDrive/Desktop/Project/Soniya/node_modules/rollup/dist/es/shared/parseAst.js:402:42)
    at Module.error (file:///C:/Users/samir/OneDrive/Desktop/Project/Soniya/node_modules/rollup/dist/es/shared/node-entry.js:17380:16)
    at Module.traceVariable (file:///C:/Users/samir/OneDrive/Desktop/Project/Soniya/node_modules/rollup/dist/es/shared/node-entry.js:17813:29)
    at ModuleScope.findVariable (file:///C:/Users/samir/OneDrive/Desktop/Project/Soniya/node_modules/rollup/dist/es/shared/node-entry.js:15403:39)
    at ReturnValueScope.findVariable (file:///C:/Users/samir/OneDrive/Desktop/Project/Soniya/node_modules/rollup/dist/es/shared/node-entry.js:5676:38)
    at FunctionBodyScope.findVariable (file:///C:/Users/samir/OneDrive/Desktop/Project/Soniya/node_modules/rollup/dist/es/shared/node-entry.js:5676:38)
    at Identifier.bind (file:///C:/Users/samir/OneDrive/Desktop/Project/Soniya/node_modules/rollup/dist/es/shared/node-entry.js:5450:40)
    at CallExpression.bind (file:///C:/Users/samir/OneDrive/Desktop/Project/Soniya/node_modules/rollup/dist/es/shared/node-entry.js:2828:28)
    at CallExpression.bind (file:///C:/Users/samir/OneDrive/Desktop/Project/Soniya/node_modules/rollup/dist/es/shared/node-entry.js:12512:15)[39m
